// Jest Snapshot v1, https://goo.gl/fbAQLP

exports[`Home page matches snapshot 1`] = `
<DocumentFragment>
  <div
    class="jsx-586654571 container"
  >
    <div
      style="position: relative; width: 100%; height: 100%; overflow: hidden;"
    >
      <canvas
        style="display: block;"
      />
    </div>
    <footer
      class="jsx-586654571"
    >
      <a
        class="jsx-586654571"
        href="https://vercel.com?utm_source=create-next-app&utm_medium=default-template&utm_campaign=create-next-app"
        rel="noopener noreferrer"
        target="_blank"
      >
        Powered by CarrerasDev
      </a>
    </footer>
  </div>
</DocumentFragment>
`;
